// Jest Snapshot v1, https://goo.gl/fbAQLP

exports[`renders correctly 1`] = `
<Text
  style={
    [
      {
        "fontFamily": "Work Sans",
        "fontStyle": "normal",
        "fontWeight": 400,
      },
      {
        "color": "#ffb131",
      },
      {
        "borderColor": "#ffb131",
      },
      {
        "fontSize": 16,
        "lineHeight": 24,
      },
      undefined,
      undefined,
      undefined,
      undefined,
      undefined,
      undefined,
    ]
  }
>
  Snapshot test!
</Text>
`;

